// Jest Snapshot v1, https://goo.gl/fbAQLP

exports[`ToDo Should match a snapshot 1`] = `
<li
  style={
    Object {
      "backgroundColor": "rgba(50,50,50,0.5)",
      "color": "#FFFFFF",
      "display": "flex",
      "flexGrow": 1,
      "flexShrink": 1,
      "maxWidth": "100%",
      "padding": "5px",
    }
  }
>
  To Do!
</li>
`;
